// Jest Snapshot v1, https://goo.gl/fbAQLP

exports[`Should render give the info of a particular expense 1`] = `
<Link
  className="list-item"
  to="/edit/1"
>
  <div>
    <h3
      className="list-item__title"
    >
      Gum
    </h3>
    <span
      className="list-item__sub-title"
    >
      31st of December, 1969
    </span>
  </div>
  <h3
    className="list-item__data"
  >
     
    $1.95
  </h3>
</Link>
`;
